2026-06-29T07:40:16Z  === CHAOS DRILL START (fault=process-kill, port=8137) ===
2026-06-29T07:40:16Z  STEP 1  starting primary server.mjs
node:events:486
      throw er; // Unhandled 'error' event
      ^

Error: listen EADDRINUSE: address already in use :::8137
    at Server.setupListenHandle [as _listen2] (node:net:1940:16)
    at listenInCluster (node:net:1997:12)
    at Server.listen (node:net:2102:7)
    at file:///C:/Users/Tony/Downloads/Skills/Pro%20Coding/field-runs/multitenant-tasks/server.mjs:276:10
    at ModuleJob.run (node:internal/modules/esm/module_job:430:25)
    at async onImport.tracePromise.__proto__ (node:internal/modules/esm/loader:661:26)
    at async asyncRunEntryPointWithESMLoader (node:internal/modules/run_main:101:5)
Emitted 'error' event on Server instance at:
    at emitErrorNT (node:net:1976:8)
    at process.processTicksAndRejections (node:internal/process/task_queues:89:21) {
  code: 'EADDRINUSE',
  errno: -4091,
  syscall: 'listen',
  address: '::',
  port: 8137
}

Node.js v24.13.1
2026-06-29T07:40:16Z  STEP 1  STEADY STATE confirmed: GET /healthz -> HTTP 200
2026-06-29T07:40:16Z  STEP 2  INJECTING FAULT: hard-killing primary (pid=1082169)
2026-06-29T07:40:16Z  STEP 2  post-kill probe: GET /healthz -> HTTP 200 (expect 000/refused = listener down)
2026-06-29T07:40:16Z  STEP 3  RESTARTING fresh instance
node:events:486
      throw er; // Unhandled 'error' event
      ^

Error: listen EADDRINUSE: address already in use :::8137
    at Server.setupListenHandle [as _listen2] (node:net:1940:16)
    at listenInCluster (node:net:1997:12)
    at Server.listen (node:net:2102:7)
    at file:///C:/Users/Tony/Downloads/Skills/Pro%20Coding/field-runs/multitenant-tasks/server.mjs:276:10
    at ModuleJob.run (node:internal/modules/esm/module_job:430:25)
    at async onImport.tracePromise.__proto__ (node:internal/modules/esm/loader:661:26)
    at async asyncRunEntryPointWithESMLoader (node:internal/modules/run_main:101:5)
Emitted 'error' event on Server instance at:
    at emitErrorNT (node:net:1976:8)
    at process.processTicksAndRejections (node:internal/process/task_queues:89:21) {
  code: 'EADDRINUSE',
  errno: -4091,
  syscall: 'listen',
  address: '::',
  port: 8137
}

Node.js v24.13.1
2026-06-29T07:40:16Z  STEP 3  RECOVERY confirmed: GET /healthz -> HTTP 200
2026-06-29T07:40:16Z  STEP 3  recovery_seconds=0.3 (kill -> first healthy green probe)
2026-06-29T07:40:16Z  STEP 4  draining: stopping green instance (pid=1082220)
2026-06-29T07:40:17Z  STEP 4  post-teardown probe: GET /healthz -> HTTP 200 (expect 000 = clean stop)
2026-06-29T07:40:17Z  RESULT  fault_injected=process-kill steady_state_http=200 recovered=true recovered_http=200 recovery_seconds=0.3
2026-06-29T07:40:17Z  === CHAOS DRILL END (recovered) ===
